***********************************************************************************************
***                                                                                         ***
***                                    LINK INFORMATION                                     ***
***                                                                                         ***
***********************************************************************************************

Linker version:

  SEGGER ARM Linker 4.44.2 compiled Apr 14 2025 15:08:43
  Copyright (c) 2017-2024 SEGGER Microcontroller GmbH    www.segger.com


***********************************************************************************************
***                                                                                         ***
***                                     MODULE SUMMARY                                      ***
***                                                                                         ***
***********************************************************************************************

Memory use by input file:

  Object File                                       RX Code     RO Data     RW Data     ZI Data
  ---------------------------------------------  ----------  ----------  ----------  ----------
  button_interrupt.o                                    212                                    
  SEGGER_THUMB_Startup.o                                 20                                    
  STM32L432KC_GPIO.o                                    350                                    
  STM32L432KC_TIM.o                                     148                                    
  STM32L4xx_Startup.o                                    24                                    
  system_stm32l4xx.o                                    462          64           4            
  ---------------------------------------------  ----------  ----------  ----------  ----------
  Subtotal (6 objects)                                1 216          64           4            
  ---------------------------------------------  ----------  ----------  ----------  ----------
  libc_v7em_fpv4_sp_d16_hard_t_le_eabi_balanced.a
                                                        516                                    
  SEGGER_crtinit_v7em_fpv4_sp_d16_hard_t_le_eabi_balanced.a
                                                         56                                    
  ---------------------------------------------  ----------  ----------  ----------  ----------
  Subtotal (2 archives)                                 572                                    
  ---------------------------------------------  ----------  ----------  ----------  ----------
  Linker created (shared data, fills, blocks):                       28                   2 048
  =============================================  ==========  ==========  ==========  ==========
  Total:                                              1 788          92           4       2 048
  =============================================  ==========  ==========  ==========  ==========

Memory use by archive member:

  Archive member                                    RX Code     RO Data     RW Data     ZI Data
  ---------------------------------------------  ----------  ----------  ----------  ----------
  floatasmops_arm.o (libc_v7em_fpv4_sp_d16_hard_t_le_eabi_balanced.a)
                                                        516                                    
  SEGGER_crtinit.o (SEGGER_crtinit_v7em_fpv4_sp_d16_hard_t_le_eabi_balanced.a)
                                                         56                                    
  ---------------------------------------------  ----------  ----------  ----------  ----------
  Subtotal (2 members from 2 archives)                  572                                    
  Objects (6 files)                                   1 216          64           4            
  Linker created (shared data, fills, blocks):                       28                   2 048
  =============================================  ==========  ==========  ==========  ==========
  Total:                                              1 788          92           4       2 048
  =============================================  ==========  ==========  ==========  ==========

Memory use by linker:

  Description                                       RX Code     RO Data     RW Data     ZI Data
  ---------------------------------------------  ----------  ----------  ----------  ----------
  Initialization table                                               28                        
  Memory for block 'stack'                                                                2 048
  ---------------------------------------------  ----------  ----------  ----------  ----------
  Subtotal (linker created):                                         28                   2 048
  ---------------------------------------------  ----------  ----------  ----------  ----------
  Objects (6 files)                                   1 216          64           4            
  Archives (2 files)                                    572                                    
  =============================================  ==========  ==========  ==========  ==========
  Total:                                              1 788          92           4       2 048
  =============================================  ==========  ==========  ==========  ==========


***********************************************************************************************
***                                                                                         ***
***                                     SECTION DETAIL                                      ***
***                                                                                         ***
***********************************************************************************************

Sections by address:

  Range              Symbol or [section] Name         Size  Al  Init  Ac  Object File
  -----------------  -------------------------  ----------  --  ----  --  -----------
  08000000-0800005f  initTIM                            96   8  Code  RX  STM32L432KC_TIM.o
  08000060-080000bb  SystemInit                         92   4  Code  RX  system_stm32l4xx.o
  080000bc-080000eb  MSIRangeTable                      48   4  Cnst  RO  system_stm32l4xx.o
  080000ec-080001bf  main                              212   4  Code  RX  button_interrupt.o
  080001c0-0800020f  gpioEnable                         80   4  Code  RX  STM32L432KC_GPIO.o
  08000210-0800021b  gpioPinToPort                      12   4  Code  RX  STM32L432KC_GPIO.o
  0800021c-0800025b  gpioPortToBase                     64   4  Code  RX  STM32L432KC_GPIO.o
  0800025c-0800026f  gpioPinToBase                      20   4  Code  RX  STM32L432KC_GPIO.o
  08000270-0800030f  pinMode                           160   4  Code  RX  STM32L432KC_GPIO.o
  08000310-08000343  delay_millis                       52   4  Code  RX  STM32L432KC_TIM.o
  08000344-08000357  _start                             20   4  Code  RX  SEGGER_THUMB_Startup.o
  08000358-0800051b  __aeabi_ddiv                      452   4  Code  RX  floatasmops_arm.o (libc_v7em_fpv4_sp_d16_hard_t_le_eabi_balanced.a)
  0800051c-0800053f  __aeabi_d2uiz                      36   4  Code  RX  floatasmops_arm.o (libc_v7em_fpv4_sp_d16_hard_t_le_eabi_balanced.a)
  08000540-0800055b  __aeabi_ui2d                       28   4  Code  RX  floatasmops_arm.o (libc_v7em_fpv4_sp_d16_hard_t_le_eabi_balanced.a)
  0800055c-080006cd  SystemCoreClockUpdate             370   4  Code  RX  system_stm32l4xx.o
  080006ce-080006cf  ( ALIGN .=.+2 )                     2   -  ----  -   -
  080006d0-080006dd  gpioPinOffset                      14   4  Code  RX  STM32L432KC_GPIO.o
  080006de-080006f5  reset_handler                      24   2  Code  RX  STM32L4xx_Startup.o
  080006f6-080006f7  ( UNUSED .=.+2 )                    2   -  ----  -   -
  080006f8-080006fb  [.init_array]                       4   4  ----  --  STM32L4xx_Startup.o
  080006fc-0800070b  AHBPrescTable                      16   1  Cnst  RO  system_stm32l4xx.o
  0800070c-0800072f  __SEGGER_init_ctors                36   4  Code  RX  SEGGER_crtinit.o (SEGGER_crtinit_v7em_fpv4_sp_d16_hard_t_le_eabi_balanced.a)
  08000730-08000747  __SEGGER_init_table__              24   4  Cnst  RO  [ Linker created ]
  08000748-0800074b  __SEGGER_init_data__                4   4  Cnst  RO  [ Linker created ]
  0800074c-0800075f  __SEGGER_init_copy                 20   2  Code  RX  SEGGER_crtinit.o (SEGGER_crtinit_v7em_fpv4_sp_d16_hard_t_le_eabi_balanced.a)
  08000760-0fffffff  ( UNUSED .=.+134215840 )   134 215 840
                                                             -  ----  -   -
  10000000-10000003  SystemCoreClock                     4   4  Init  RW  system_stm32l4xx.o
  10000004-2000b7ff  ( UNUSED .=.+268482556 )   268 482 556
                                                             -  ----  -   -
  2000b800-2000bfff  [.bss.block.stack]              2 048   8  None  ZI  [ Linker created ]


***********************************************************************************************
***                                                                                         ***
***                                       SYMBOL LIST                                       ***
***                                                                                         ***
***********************************************************************************************

Function symbols by name:

  Symbol name                   Address        Size  Align  Type  Bd  Object File
  -------------------------  ----------  ----------  -----  ----  --  -----------
  Reset_Handler              0x080006DF                  2  Code  Gb  STM32L4xx_Startup.o
  SystemCoreClockUpdate      0x0800055D         370      4  Code  Gb  system_stm32l4xx.o
  SystemInit                 0x08000061          92      4  Code  Gb  system_stm32l4xx.o
  __SEGGER_init_copy         0x0800074D          20      2  Code  Wk  SEGGER_crtinit.o (SEGGER_crtinit_v7em_fpv4_sp_d16_hard_t_le_eabi_balanced.a)
  __SEGGER_init_ctors        0x0800070D          26      4  Code  Wk  SEGGER_crtinit.o (SEGGER_crtinit_v7em_fpv4_sp_d16_hard_t_le_eabi_balanced.a)
  __SEGGER_init_done         0x0800034F                  4  Code  Gb  SEGGER_THUMB_Startup.o
  __aeabi_d2uiz              0x0800051D          36      4  Code  Wk  floatasmops_arm.o (libc_v7em_fpv4_sp_d16_hard_t_le_eabi_balanced.a)
  __aeabi_ddiv               0x08000359         450      4  Code  Wk  floatasmops_arm.o (libc_v7em_fpv4_sp_d16_hard_t_le_eabi_balanced.a)
  __aeabi_ui2d               0x08000541          28      4  Code  Wk  floatasmops_arm.o (libc_v7em_fpv4_sp_d16_hard_t_le_eabi_balanced.a)
  __startup_complete         0x0800034F                  4  Code  Gb  SEGGER_THUMB_Startup.o
  _start                     0x08000345          14      4  Code  Gb  SEGGER_THUMB_Startup.o
  delay_millis               0x08000311          52      4  Code  Gb  STM32L432KC_TIM.o
  exit                       0x08000353           2      4  Code  Gb  SEGGER_THUMB_Startup.o
  gpioEnable                 0x080001C1          80      4  Code  Gb  STM32L432KC_GPIO.o
  gpioPinOffset              0x080006D1          14      4  Code  Gb  STM32L432KC_GPIO.o
  gpioPinToBase              0x0800025D          20      4  Code  Gb  STM32L432KC_GPIO.o
  gpioPinToPort              0x08000211          12      4  Code  Gb  STM32L432KC_GPIO.o
  gpioPortToBase             0x0800021D          64      4  Code  Gb  STM32L432KC_GPIO.o
  initTIM                    0x08000001          96      8  Code  Gb  STM32L432KC_TIM.o
  main                       0x080000ED         212      4  Code  Gb  button_interrupt.o
  pinMode                    0x08000271         160      4  Code  Gb  STM32L432KC_GPIO.o
  reset_handler              0x080006DF                  2  Code  Gb  STM32L4xx_Startup.o

Function symbols by address:

     Address  Symbol name                      Size  Align  Type  Bd  Object File
  ----------  -------------------------  ----------  -----  ----  --  -----------
  0x08000001  initTIM                            96      8  Code  Gb  STM32L432KC_TIM.o
  0x08000061  SystemInit                         92      4  Code  Gb  system_stm32l4xx.o
  0x080000ED  main                              212      4  Code  Gb  button_interrupt.o
  0x080001C1  gpioEnable                         80      4  Code  Gb  STM32L432KC_GPIO.o
  0x08000211  gpioPinToPort                      12      4  Code  Gb  STM32L432KC_GPIO.o
  0x0800021D  gpioPortToBase                     64      4  Code  Gb  STM32L432KC_GPIO.o
  0x0800025D  gpioPinToBase                      20      4  Code  Gb  STM32L432KC_GPIO.o
  0x08000271  pinMode                           160      4  Code  Gb  STM32L432KC_GPIO.o
  0x08000311  delay_millis                       52      4  Code  Gb  STM32L432KC_TIM.o
  0x08000345  _start                             14      4  Code  Gb  SEGGER_THUMB_Startup.o
  0x0800034F  __startup_complete                         4  Code  Gb  SEGGER_THUMB_Startup.o
  0x0800034F  __SEGGER_init_done                         4  Code  Gb  SEGGER_THUMB_Startup.o
  0x08000353  exit                                2      4  Code  Gb  SEGGER_THUMB_Startup.o
  0x08000359  __aeabi_ddiv                      450      4  Code  Wk  floatasmops_arm.o (libc_v7em_fpv4_sp_d16_hard_t_le_eabi_balanced.a)
  0x0800051D  __aeabi_d2uiz                      36      4  Code  Wk  floatasmops_arm.o (libc_v7em_fpv4_sp_d16_hard_t_le_eabi_balanced.a)
  0x08000541  __aeabi_ui2d                       28      4  Code  Wk  floatasmops_arm.o (libc_v7em_fpv4_sp_d16_hard_t_le_eabi_balanced.a)
  0x0800055D  SystemCoreClockUpdate             370      4  Code  Gb  system_stm32l4xx.o
  0x080006D1  gpioPinOffset                      14      4  Code  Gb  STM32L432KC_GPIO.o
  0x080006DF  reset_handler                              2  Code  Gb  STM32L4xx_Startup.o
  0x080006DF  Reset_Handler                              2  Code  Gb  STM32L4xx_Startup.o
  0x0800070D  __SEGGER_init_ctors                26      4  Code  Wk  SEGGER_crtinit.o (SEGGER_crtinit_v7em_fpv4_sp_d16_hard_t_le_eabi_balanced.a)
  0x0800074D  __SEGGER_init_copy                 20      2  Code  Wk  SEGGER_crtinit.o (SEGGER_crtinit_v7em_fpv4_sp_d16_hard_t_le_eabi_balanced.a)

Function symbols by descending size:

  Symbol name                      Size  Align  Type  Bd  Object File
  -------------------------  ----------  -----  ----  --  -----------
  __aeabi_ddiv                      450      4  Code  Wk  floatasmops_arm.o (libc_v7em_fpv4_sp_d16_hard_t_le_eabi_balanced.a)
  SystemCoreClockUpdate             370      4  Code  Gb  system_stm32l4xx.o
  main                              212      4  Code  Gb  button_interrupt.o
  pinMode                           160      4  Code  Gb  STM32L432KC_GPIO.o
  initTIM                            96      8  Code  Gb  STM32L432KC_TIM.o
  SystemInit                         92      4  Code  Gb  system_stm32l4xx.o
  gpioEnable                         80      4  Code  Gb  STM32L432KC_GPIO.o
  gpioPortToBase                     64      4  Code  Gb  STM32L432KC_GPIO.o
  delay_millis                       52      4  Code  Gb  STM32L432KC_TIM.o
  __aeabi_d2uiz                      36      4  Code  Wk  floatasmops_arm.o (libc_v7em_fpv4_sp_d16_hard_t_le_eabi_balanced.a)
  __aeabi_ui2d                       28      4  Code  Wk  floatasmops_arm.o (libc_v7em_fpv4_sp_d16_hard_t_le_eabi_balanced.a)
  __SEGGER_init_ctors                26      4  Code  Wk  SEGGER_crtinit.o (SEGGER_crtinit_v7em_fpv4_sp_d16_hard_t_le_eabi_balanced.a)
  __SEGGER_init_copy                 20      2  Code  Wk  SEGGER_crtinit.o (SEGGER_crtinit_v7em_fpv4_sp_d16_hard_t_le_eabi_balanced.a)
  gpioPinToBase                      20      4  Code  Gb  STM32L432KC_GPIO.o
  _start                             14      4  Code  Gb  SEGGER_THUMB_Startup.o
  gpioPinOffset                      14      4  Code  Gb  STM32L432KC_GPIO.o
  gpioPinToPort                      12      4  Code  Gb  STM32L432KC_GPIO.o
  exit                                2      4  Code  Gb  SEGGER_THUMB_Startup.o
  Reset_Handler                              2  Code  Gb  STM32L4xx_Startup.o
  __SEGGER_init_done                         4  Code  Gb  SEGGER_THUMB_Startup.o
  __startup_complete                         4  Code  Gb  SEGGER_THUMB_Startup.o
  reset_handler                              2  Code  Gb  STM32L4xx_Startup.o

Read-write data symbols by name:

  Symbol name                   Address        Size  Align  Type  Bd  Object File
  -------------------------  ----------  ----------  -----  ----  --  -----------
  SystemCoreClock            0x10000000           4      4  Init  Gb  system_stm32l4xx.o

Read-write data symbols by address:

     Address  Symbol name                      Size  Align  Type  Bd  Object File
  ----------  -------------------------  ----------  -----  ----  --  -----------
  0x10000000  SystemCoreClock                     4      4  Init  Gb  system_stm32l4xx.o

Read-write data symbols by descending size:

  Symbol name                      Size  Align  Type  Bd  Object File
  -------------------------  ----------  -----  ----  --  -----------
  SystemCoreClock                     4      4  Init  Gb  system_stm32l4xx.o

Read-only data symbols by name:

  Symbol name                   Address        Size  Align  Type  Bd  Object File
  -------------------------  ----------  ----------  -----  ----  --  -----------
  AHBPrescTable              0x080006FC          16         Cnst  Gb  system_stm32l4xx.o
  MSIRangeTable              0x080000BC          48      4  Cnst  Gb  system_stm32l4xx.o
  __SEGGER_init_data__       0x08000748         [4]      4  Cnst  Lc  [ Linker created ]
  __SEGGER_init_table__      0x08000730        [24]      4  Cnst  Lc  [ Linker created ]

Read-only data symbols by address:

     Address  Symbol name                      Size  Align  Type  Bd  Object File
  ----------  -------------------------  ----------  -----  ----  --  -----------
  0x080000BC  MSIRangeTable                      48      4  Cnst  Gb  system_stm32l4xx.o
  0x080006FC  AHBPrescTable                      16         Cnst  Gb  system_stm32l4xx.o
  0x08000730  __SEGGER_init_table__            [24]      4  Cnst  Lc  [ Linker created ]
  0x08000748  __SEGGER_init_data__              [4]      4  Cnst  Lc  [ Linker created ]

Untyped symbols by name:

  Symbol name                     Value        Size  Align  Type  Bd  Object File
  -------------------------  ----------  ----------  -----  ----  --  -----------
  __FLASH1_segment_end__     0x08040000                     ----  Gb  [ Linker created ]
  __FLASH1_segment_size__    0x00040000                     ----  Gb  [ Linker created ]
  __FLASH1_segment_start__   0x08000000                     ----  Gb  [ Linker created ]
  __FLASH1_segment_used_end__
                             0x08000760                     ----  Gb  [ Linker created ]
  __FLASH1_segment_used_size__
                             0x00000760                     ----  Gb  [ Linker created ]
  __FLASH1_segment_used_start__
                             0x08000000                     ----  Gb  [ Linker created ]
  __FLASH_segment_end__      0x08040000                     ----  Gb  [ Linker created ]
  __FLASH_segment_size__     0x00040000                     ----  Gb  [ Linker created ]
  __FLASH_segment_start__    0x08000000                     ----  Gb  [ Linker created ]
  __FLASH_segment_used_end__
                             0x08000760                     ----  Gb  [ Linker created ]
  __FLASH_segment_used_size__
                             0x00000760                     ----  Gb  [ Linker created ]
  __FLASH_segment_used_start__
                             0x08000000                     ----  Gb  [ Linker created ]
  __HEAPSIZE__               0x00000400                     ----  Gb  [ Linker created ]
  __RAM1_segment_end__       0x10004000                     ----  Gb  [ Linker created ]
  __RAM1_segment_size__      0x00004000                     ----  Gb  [ Linker created ]
  __RAM1_segment_start__     0x10000000                     ----  Gb  [ Linker created ]
  __RAM1_segment_used_end__  0x10000004                     ----  Gb  [ Linker created ]
  __RAM1_segment_used_size__
                             0x00000004                     ----  Gb  [ Linker created ]
  __RAM1_segment_used_start__
                             0x10000000                     ----  Gb  [ Linker created ]
  __RAM2_segment_end__       0x2000C000                     ----  Gb  [ Linker created ]
  __RAM2_segment_size__      0x0000C000                     ----  Gb  [ Linker created ]
  __RAM2_segment_start__     0x20000000                     ----  Gb  [ Linker created ]
  __RAM2_segment_used_end__  0x2000C000                     ----  Gb  [ Linker created ]
  __RAM2_segment_used_size__
                             0x00000800                     ----  Gb  [ Linker created ]
  __RAM2_segment_used_start__
                             0x2000B800                     ----  Gb  [ Linker created ]
  __RAM_segment_end__        0x2000C000                     ----  Gb  [ Linker created ]
  __RAM_segment_size__       0x1000C000                     ----  Gb  [ Linker created ]
  __RAM_segment_start__      0x10000000                     ----  Gb  [ Linker created ]
  __RAM_segment_used_end__   0x2000C000                     ----  Gb  [ Linker created ]
  __RAM_segment_used_size__  0x1000C000                     ----  Gb  [ Linker created ]
  __RAM_segment_used_start__
                             0x10000000                     ----  Gb  [ Linker created ]
  __STACKSIZE_PROCESS__      0x00000000                     ----  Gb  [ Linker created ]
  __STACKSIZE__              0x00000800                     ----  Gb  [ Linker created ]
  __ctors_end__              0x080006FC                     ----  Gb  [ Linker created ]
  __ctors_start__            0x080006F8                     ----  Gb  [ Linker created ]
  __thread_pointer$          0x00000000                     ----  Gb  [ Linker created ]

Untyped symbols by address:

       Value  Symbol name                      Size  Align  Type  Bd  Object File
  ----------  -------------------------  ----------  -----  ----  --  -----------
  0x00000000  __thread_pointer$                             ----  Gb  [ Linker created ]
  0x00000000  __STACKSIZE_PROCESS__                         ----  Gb  [ Linker created ]
  0x00000004  __RAM1_segment_used_size__
                                                            ----  Gb  [ Linker created ]
  0x00000400  __HEAPSIZE__                                  ----  Gb  [ Linker created ]
  0x00000760  __FLASH_segment_used_size__
                                                            ----  Gb  [ Linker created ]
  0x00000760  __FLASH1_segment_used_size__
                                                            ----  Gb  [ Linker created ]
  0x00000800  __STACKSIZE__                                 ----  Gb  [ Linker created ]
  0x00000800  __RAM2_segment_used_size__
                                                            ----  Gb  [ Linker created ]
  0x00004000  __RAM1_segment_size__                         ----  Gb  [ Linker created ]
  0x0000C000  __RAM2_segment_size__                         ----  Gb  [ Linker created ]
  0x00040000  __FLASH_segment_size__                        ----  Gb  [ Linker created ]
  0x00040000  __FLASH1_segment_size__                       ----  Gb  [ Linker created ]
  0x08000000  __FLASH_segment_used_start__
                                                            ----  Gb  [ Linker created ]
  0x08000000  __FLASH_segment_start__                       ----  Gb  [ Linker created ]
  0x08000000  __FLASH1_segment_used_start__
                                                            ----  Gb  [ Linker created ]
  0x08000000  __FLASH1_segment_start__                      ----  Gb  [ Linker created ]
  0x080006F8  __ctors_start__                               ----  Gb  [ Linker created ]
  0x080006FC  __ctors_end__                                 ----  Gb  [ Linker created ]
  0x08000760  __FLASH_segment_used_end__
                                                            ----  Gb  [ Linker created ]
  0x08000760  __FLASH1_segment_used_end__
                                                            ----  Gb  [ Linker created ]
  0x08040000  __FLASH_segment_end__                         ----  Gb  [ Linker created ]
  0x08040000  __FLASH1_segment_end__                        ----  Gb  [ Linker created ]
  0x10000000  __RAM_segment_used_start__
                                                            ----  Gb  [ Linker created ]
  0x10000000  __RAM_segment_start__                         ----  Gb  [ Linker created ]
  0x10000000  __RAM1_segment_used_start__
                                                            ----  Gb  [ Linker created ]
  0x10000000  __RAM1_segment_start__                        ----  Gb  [ Linker created ]
  0x10000004  __RAM1_segment_used_end__                     ----  Gb  [ Linker created ]
  0x10004000  __RAM1_segment_end__                          ----  Gb  [ Linker created ]
  0x1000C000  __RAM_segment_used_size__                     ----  Gb  [ Linker created ]
  0x1000C000  __RAM_segment_size__                          ----  Gb  [ Linker created ]
  0x20000000  __RAM2_segment_start__                        ----  Gb  [ Linker created ]
  0x2000B800  __RAM2_segment_used_start__
                                                            ----  Gb  [ Linker created ]
  0x2000C000  __RAM_segment_used_end__                      ----  Gb  [ Linker created ]
  0x2000C000  __RAM_segment_end__                           ----  Gb  [ Linker created ]
  0x2000C000  __RAM2_segment_used_end__                     ----  Gb  [ Linker created ]
  0x2000C000  __RAM2_segment_end__                          ----  Gb  [ Linker created ]


***********************************************************************************************
***                                                                                         ***
***                                      LINK SUMMARY                                       ***
***                                                                                         ***
***********************************************************************************************

Memory breakdown:

    1 788 bytes read-only  code    + 
       92 bytes read-only  data    =   1 880 bytes read-only (total)
    2 052 bytes read-write data

Region summary:

  Name        Range                     Size                 Used               Unused       Alignment Loss
  ----------  -----------------  -----------  -------------------  -------------------  -------------------
  FLASH       08000000-0803ffff      262 144        1 884   0.72%      260 258  99.28%            2   0.00%
  RAM1        10000000-10003fff       16 384            4   0.02%       16 380  99.98%            0   0.00%
  RAM2        20000000-2000bfff       49 152        2 048   4.17%       47 104  95.83%            0   0.00%

Link complete: 0 errors, 0 warnings, 0 remarks
